```
{
    primary = {
        con = 50,
        size = 60
    },
    health = {
        max = (primary.con + primary.size) / 10,
        value = .max
    },
    sanity = 50 + 2
}.health.value
```

[lexer]
[
    "OpenC `{`",
    "LineEnd `\n`",
    "Whitespace `    `",
    "Identifier `primary`",
    "Whitespace ` `",
    "OpAssign `=`",
    "Whitespace ` `",
    "OpenC `{`",
    "LineEnd `\n`",
    "Whitespace `        `",
    "Identifier `con`",
    "Whitespace ` `",
    "OpAssign `=`",
    "Whitespace ` `",
    "Number `50`",
    "Comma `,`",
    "LineEnd `\n`",
    "Whitespace `        `",
    "Identifier `size`",
    "Whitespace ` `",
    "OpAssign `=`",
    "Whitespace ` `",
    "Number `60`",
    "LineEnd `\n`",
    "Whitespace `    `",
    "CloseC `}`",
    "Comma `,`",
    "LineEnd `\n`",
    "Whitespace `    `",
    "Identifier `health`",
    "Whitespace ` `",
    "OpAssign `=`",
    "Whitespace ` `",
    "OpenC `{`",
    "LineEnd `\n`",
    "Whitespace `        `",
    "Identifier `max`",
    "Whitespace ` `",
    "OpAssign `=`",
    "Whitespace ` `",
    "OpenP `(`",
    "Identifier `primary`",
    "OpDot `.`",
    "Identifier `con`",
    "Whitespace ` `",
    "OpPlus `+`",
    "Whitespace ` `",
    "Identifier `primary`",
    "OpDot `.`",
    "Identifier `size`",
    "CloseP `)`",
    "Whitespace ` `",
    "OpSlash `/`",
    "Whitespace ` `",
    "Number `10`",
    "Comma `,`",
    "LineEnd `\n`",
    "Whitespace `        `",
    "Identifier `value`",
    "Whitespace ` `",
    "OpAssign `=`",
    "Whitespace ` `",
    "OpDot `.`",
    "Identifier `max`",
    "LineEnd `\n`",
    "Whitespace `    `",
    "CloseC `}`",
    "Comma `,`",
    "LineEnd `\n`",
    "Whitespace `    `",
    "Identifier `sanity`",
    "Whitespace ` `",
    "OpAssign `=`",
    "Whitespace ` `",
    "Number `50`",
    "Whitespace ` `",
    "OpPlus `+`",
    "Whitespace ` `",
    "Number `2`",
    "LineEnd `\n`",
    "CloseC `}`",
    "OpDot `.`",
    "Identifier `health`",
    "OpDot `.`",
    "Identifier `value`",
]

[parser]
--- GREEN TREE ---
Root, Value, IdentPath @ 0..187
    Value, IdentPath @ 0..181
        Value, Strukt @ 0..174
            token @ 0..1 = `{`
            StruktPair @ 1..59
                Key, identifier, token @ 1..14 = `primary` ; leading: `\n    ` ; trailing: ` `
                token @ 14..16 = `=` ; trailing: ` `
                Value, Strukt @ 16..59
                    token @ 16..17 = `{`
                    StruktPair @ 17..34
                        Key, identifier, token @ 17..30 = `con` ; leading: `\n        ` ; trailing: ` `
                        token @ 30..32 = `=` ; trailing: ` `
                        Value, number, token @ 32..34 = `50`
                    token @ 34..35 = `,`
                    StruktPair @ 35..53
                        Key, identifier, token @ 35..49 = `size` ; leading: `\n        ` ; trailing: ` `
                        token @ 49..51 = `=` ; trailing: ` `
                        Value, number, token @ 51..53 = `60`
                    token @ 53..59 = `}` ; leading: `\n    `
            token @ 59..60 = `,`
            StruktPair @ 60..151
                Key, identifier, token @ 60..72 = `health` ; leading: `\n    ` ; trailing: ` `
                token @ 72..74 = `=` ; trailing: ` `
                Value, Strukt @ 74..151
                    token @ 74..75 = `{`
                    StruktPair @ 75..123
                        Key, identifier, token @ 75..88 = `max` ; leading: `\n        ` ; trailing: ` `
                        token @ 88..90 = `=` ; trailing: ` `
                        Value, Binary @ 90..123
                            token @ 90..91 = `(`
                            Value, Binary @ 91..117
                                Value, IdentPath @ 91..103
                                    Value, identifier, token @ 91..98 = `primary`
                                    BinaryOp, token @ 98..99 = `.`
                                    Value, identifier, token @ 99..103 = `con` ; trailing: ` `
                                BinaryOp, token @ 103..105 = `+` ; trailing: ` `
                                Value, IdentPath @ 105..117
                                    Value, identifier, token @ 105..112 = `primary`
                                    BinaryOp, token @ 112..113 = `.`
                                    Value, identifier, token @ 113..117 = `size`
                            token @ 117..119 = `)` ; trailing: ` `
                            BinaryOp, token @ 119..121 = `/` ; trailing: ` `
                            Value, number, token @ 121..123 = `10`
                    token @ 123..124 = `,`
                    StruktPair @ 124..145
                        Key, identifier, token @ 124..139 = `value` ; leading: `\n        ` ; trailing: ` `
                        token @ 139..141 = `=` ; trailing: ` `
                        Value, Unary @ 141..145
                            UnaryOp, token @ 141..142 = `.`
                            Value, identifier, token @ 142..145 = `max`
                    token @ 145..151 = `}` ; leading: `\n    `
            token @ 151..152 = `,`
            StruktPair @ 152..172
                Key, identifier, token @ 152..164 = `sanity` ; leading: `\n    ` ; trailing: ` `
                token @ 164..166 = `=` ; trailing: ` `
                Value, Binary @ 166..172
                    Value, number, token @ 166..169 = `50` ; trailing: ` `
                    BinaryOp, token @ 169..171 = `+` ; trailing: ` `
                    Value, number, token @ 171..172 = `2`
            token @ 172..174 = `}` ; leading: `\n`
        BinaryOp, token @ 174..175 = `.`
        Value, identifier, token @ 175..181 = `health`
    BinaryOp, token @ 181..182 = `.`
    Value, identifier, token @ 182..187 = `value`
--- END ---


[eval]
`11`

