```
4.bar
```

[lexer]
[
    "Number `4`",
    "OpDot `.`",
    "Identifier `bar`",
]

[parser]

--- GREEN TREE ---
Root @ 0..5
    Value, IdentPath @ 0..5
        Value, number, token @ 0..1 `4`
        BinaryOp, token @ 1..2 `.`
        Value, identifier, token @ 2..5 `bar`
--- END ---


[eval]
None

[errors]
test.neu | N0 | Expression is not a struct

