```
.bar
```

[lexer]
[
    "OpDot `.`",
    "Identifier `bar`",
]

[parser]

--- GREEN TREE ---
Root @ 0..4
    Value, Unary @ 0..4
        UnaryOp, token @ 0..1 `.`
        Value, identifier, token @ 1..4 `bar`
--- END ---


[eval]
None

[errors]
test.neu | N0 | Couldn't find any structure for field access

