```
.bar
```

[lexer]
[
    "OpDot `.`",
    "Identifier `bar`",
]

[parser]
ROOT @ 0..4 = `.bar`
    UNARY, VALUE @ 0..4 = `.bar`
        OP, TOKEN @ 0..1 = `.`
        IDENTIFIER, TOKEN, VALUE @ 1..4 = `bar`


### No Errors ###


[eval]
None

### Errors ###
Couldn't find any structure for field access @ N0

