```
{
    foo = 10,
}.x
```

[lexer]
[
    "OpenC `{`",
    "LineEnd `\n`",
    "Whitespace `    `",
    "Identifier `foo`",
    "Whitespace ` `",
    "OpAssign `=`",
    "Whitespace ` `",
    "Number `10`",
    "Comma `,`",
    "LineEnd `\n`",
    "CloseC `}`",
    "OpDot `.`",
    "Identifier `x`",
]

[parser]
ROOT @ 0..19 = `{\n    foo = 10,\n}.x`
    IDENTPATH, VALUE @ 0..19 = `{\n    foo = 10,\n}.x`
        STRUCT, VALUE @ 0..17 = `{\n    foo = 10,\n}`
            TOKEN @ 0..1 = `{`
            TRIVIA @ 1..6 = `\n    `
            IDENTIFIER, KEY, TOKEN @ 6..9 = `foo`
            TRIVIA @ 9..10 = ` `
            TOKEN @ 10..11 = `=`
            TRIVIA @ 11..12 = ` `
            NUMBER, TOKEN, VALUE @ 12..14 = `10`
            TOKEN @ 14..15 = `,`
            TRIVIA @ 15..16 = `\n`
            TOKEN @ 16..17 = `}`
        OP, TOKEN @ 17..18 = `.`
        IDENTIFIER, TOKEN, VALUE @ 18..19 = `x`


[eval]
None

[errors]
test.neu | N12 | Field not found

