```
true == false
```

[lexer]
[
    "True `true`",
    "Whitespace ` `",
    "OpDEqual `==`",
    "Whitespace ` `",
    "False `false`",
]

[parser]
ROOT @ 0..13 = `true == false`
    BINARY, VALUE @ 0..13 = `true == false`
        BOOLEAN, TOKEN, VALUE @ 0..4 = `true`
        TRIVIA @ 4..5 = ` `
        OP, TOKEN @ 5..7 = `==`
        TRIVIA @ 7..8 = ` `
        BOOLEAN, TOKEN, VALUE @ 8..13 = `false`


### No Errors ###


[eval]
`false`

### No Errors ###

