```
true ==
```

[lexer]
[
    "True `true`",
    "Whitespace ` `",
    "OpDEqual `==`",
]

[parser]
--- GREEN TREE ---
Root, Value, Binary @ 0..7
    Value, Boolean, token @ 0..5 = `true` ; trailing: ` `
    BinaryOp, token @ 5..7 = `==`
    Value, error @ 7..7 = ``
--- END ---


[eval]
None

[errors]
test.neu | N3 | Expected one of number, `true`, `false`, `-`, `!`, `"`, `(`, `{`, `[`, identifier but found EOF

