```
6 - 0 + 4
```

[lexer]
[
    "Number `6`",
    "Whitespace ` `",
    "OpMinus `-`",
    "Whitespace ` `",
    "Number `0`",
    "Whitespace ` `",
    "OpPlus `+`",
    "Whitespace ` `",
    "Number `4`",
]

[parser]

--- GREEN TREE ---
Root @ 0..9
    Value, Binary @ 0..9
        Value, Binary @ 0..6
            Value, number, token @ 0..2 `6` ; trailing: ` `
            BinaryOp, token @ 2..4 `-` ; trailing: ` `
            Value, number, token @ 4..6 `0` ; trailing: ` `
        BinaryOp, token @ 6..8 `+` ; trailing: ` `
        Value, number, token @ 8..9 `4`
--- END ---


[eval]
`10`

