```````
+++ sesja:a88907fd +++
title = "Pośród Pradawnych Drzew"
when = "20.10.2019"
desc = "Sesja jednostrzałowa dla Macek II RP"
chrono = "20.06.1925"
stats = {
    age = 5,
    hp = 15,
}
+++

Ala ma **kota**.

```
.stats
```

```````
[errors]
No errors

[render]
<h1>Pośród Pradawnych Drzew</h1>
<div class="side-table"><table><tr><th class="align-right">chrono</th><td>20.06.1925</td></tr><tr><th class="align-right">desc</th><td>Sesja jednostrzałowa dla Macek II RP</td></tr><tr><th class="align-right">stats</th><td>{
    age = 5,
    hp = 15,
 }</td></tr><tr><th class="align-right">when</th><td>20.10.2019</td></tr></table>
</div><p>Ala ma <strong>kota</strong>.</p><pre><code>{
    age = 5,
    hp = 15,
 }</code></pre>

[parser]
--- GREEN TREE ---
Root, ArticleItem @ 0..223
    token @ 0..3 = `+++`
    token @ 3..4 = ` `
    identifier, token @ 4..9 = `sesja`
    token @ 9..10 = `:`
    item_id, token @ 10..18 = `a88907fd`
    token @ 18..19 = ` `
    token @ 19..22 = `+++`
    token @ 22..23 = `\n`
    Value, Strukt @ 23..186
        Key, identifier, token @ 23..29 = `title` ; trailing: ` `
        token @ 29..31 = `=` ; trailing: ` `
        Value, String @ 31..58
            token @ 31..32 = `"`
            InnerString @ 32..57
                token @ 32..57 = `Pośród Pradawnych Drzew`
            token @ 57..58 = `"`
        token @ 58..59 = `\n`
        Key, identifier, token @ 59..64 = `when` ; trailing: ` `
        token @ 64..66 = `=` ; trailing: ` `
        Value, String @ 66..78
            token @ 66..67 = `"`
            InnerString @ 67..77
                token @ 67..77 = `20.10.2019`
            token @ 77..78 = `"`
        token @ 78..79 = `\n`
        Key, identifier, token @ 79..84 = `desc` ; trailing: ` `
        token @ 84..86 = `=` ; trailing: ` `
        Value, String @ 86..125
            token @ 86..87 = `"`
            InnerString @ 87..124
                token @ 87..124 = `Sesja jednostrzałowa dla Macek II RP`
            token @ 124..125 = `"`
        token @ 125..126 = `\n`
        Key, identifier, token @ 126..133 = `chrono` ; trailing: ` `
        token @ 133..135 = `=` ; trailing: ` `
        Value, String @ 135..147
            token @ 135..136 = `"`
            InnerString @ 136..146
                token @ 136..146 = `20.06.1925`
            token @ 146..147 = `"`
        token @ 147..148 = `\n`
        Key, identifier, token @ 148..154 = `stats` ; trailing: ` `
        token @ 154..156 = `=` ; trailing: ` `
        Value, Strukt @ 156..185
            token @ 156..157 = `{`
            StruktPair @ 157..169
                Key, identifier, token @ 157..166 = `age` ; leading: `\n    ` ; trailing: ` `
                token @ 166..168 = `=` ; trailing: ` `
                Value, number, token @ 168..169 = `5`
            token @ 169..170 = `,`
            StruktPair @ 170..182
                Key, identifier, token @ 170..178 = `hp` ; leading: `\n    ` ; trailing: ` `
                token @ 178..180 = `=` ; trailing: ` `
                Value, number, token @ 180..182 = `15`
            token @ 182..183 = `,`
            token @ 183..185 = `}` ; leading: `\n`
        token @ 185..186 = `\n`
    token @ 186..189 = `+++`
    ArticleBody @ 189..223
        Markdown @ 189..223
            token @ 189..191 = `\n\n`
            MdValue, MdParagraph @ 191..208
                MdValue, MdText @ 191..198 = `Ala ma `
                MdValue, MdStrong @ 198..206
                    token @ 198..200 = `**`
                    MdValue, MdText @ 200..204 = `kota`
                    token @ 204..206 = `**`
                MdValue, MdText @ 206..207 = `.`
                token @ 207..208 = `\n`
            token @ 208..209 = `\n`
            MdValue, token @ 209..213 = `\`\`\`\n`
            MdValue, Interpolated @ 213..220
                Value, Unary @ 213..219
                    UnaryOp, token @ 213..214 = `.`
                    Value, identifier, token @ 214..219 = `stats`
                eof @ 219..220 = `` ; leading: `\n`
            token @ 220..223 = `\`\`\``
--- END ---


