`````
+++ sesja:a88907fd +++
title = "Pośród Pradawnych Drzew"
when = "20.10.2019"
desc = "Sesja jednostrzałowa dla Macek II RP"
chrono = "20.06.1925"
stats = {
    age = 5,
    hp = 15,
}
+++

Ala ma **kota**.

```
.stats
```

`````

[render]
`<h1>Pośród Pradawnych Drzew</h1>
<div class="side-table"><table><tr><th class="align-right">chrono</th><td>20.06.1925</td></tr><tr><th class="align-right">desc</th><td>Sesja jednostrzałowa dla Macek II RP</td></tr><tr><th class="align-right">stats</th><td>{
    age = 5,
    hp = 15,
 }</td></tr><tr><th class="align-right">when</th><td>20.10.2019</td></tr></table>
</div><p>Ala ma <strong>kota</strong>.</p><pre><code>{
    age = 5,
    hp = 15,
 }</code></pre>`

### No Errors ###

[parser]
ROOT @ 0..223
    ARTICLEITEM @ 0..223
        TOKEN @ 0..3 = `+++`
        TOKEN, TRIVIA @ 3..4 = ` `
        IDENTIFIER, TOKEN @ 4..9 = `sesja`
        TOKEN @ 9..10 = `:`
        ARTICLEITEMID, TOKEN @ 10..18 = `a88907fd`
        TOKEN, TRIVIA @ 18..19 = ` `
        TOKEN @ 19..22 = `+++`
        TOKEN, TRIVIA @ 22..23 = `\n`
        STRUCT, VALUE @ 23..186
            IDENTIFIER, KEY, TOKEN @ 23..28 = `title`
            TRIVIA @ 28..29 = ` `
            TOKEN @ 29..30 = `=`
            TRIVIA @ 30..31 = ` `
            STRING, VALUE @ 31..58 = `\"Po\u{15b}r\u{f3}d Pradawnych Drzew\"`
                TOKEN @ 31..32 = `\"`
                STRVALUE, TOKEN @ 32..57 = `Po\u{15b}r\u{f3}d Pradawnych Drzew`
                TOKEN @ 57..58 = `\"`
            TOKEN @ 58..59 = `\n`
            IDENTIFIER, KEY, TOKEN @ 59..63 = `when`
            TRIVIA @ 63..64 = ` `
            TOKEN @ 64..65 = `=`
            TRIVIA @ 65..66 = ` `
            STRING, VALUE @ 66..78 = `\"20.10.2019\"`
                TOKEN @ 66..67 = `\"`
                STRVALUE, TOKEN @ 67..77 = `20.10.2019`
                TOKEN @ 77..78 = `\"`
            TOKEN @ 78..79 = `\n`
            IDENTIFIER, KEY, TOKEN @ 79..83 = `desc`
            TRIVIA @ 83..84 = ` `
            TOKEN @ 84..85 = `=`
            TRIVIA @ 85..86 = ` `
            STRING, VALUE @ 86..125 = `\"Sesja jednostrza\u{142}owa dla Macek II RP\"`
                TOKEN @ 86..87 = `\"`
                STRVALUE, TOKEN @ 87..124 = `Sesja jednostrza\u{142}owa dla Macek II RP`
                TOKEN @ 124..125 = `\"`
            TOKEN @ 125..126 = `\n`
            IDENTIFIER, KEY, TOKEN @ 126..132 = `chrono`
            TRIVIA @ 132..133 = ` `
            TOKEN @ 133..134 = `=`
            TRIVIA @ 134..135 = ` `
            STRING, VALUE @ 135..147 = `\"20.06.1925\"`
                TOKEN @ 135..136 = `\"`
                STRVALUE, TOKEN @ 136..146 = `20.06.1925`
                TOKEN @ 146..147 = `\"`
            TOKEN @ 147..148 = `\n`
            IDENTIFIER, KEY, TOKEN @ 148..153 = `stats`
            TRIVIA @ 153..154 = ` `
            TOKEN @ 154..155 = `=`
            TRIVIA @ 155..156 = ` `
            STRUCT, VALUE @ 156..185 = `{\n    age = 5,\n    hp = 15,\n}`
                TOKEN @ 156..157 = `{`
                TRIVIA @ 157..162 = `\n    `
                IDENTIFIER, KEY, TOKEN @ 162..165 = `age`
                TRIVIA @ 165..166 = ` `
                TOKEN @ 166..167 = `=`
                TRIVIA @ 167..168 = ` `
                NUMBER, TOKEN, VALUE @ 168..169 = `5`
                TOKEN @ 169..170 = `,`
                TRIVIA @ 170..175 = `\n    `
                IDENTIFIER, KEY, TOKEN @ 175..177 = `hp`
                TRIVIA @ 177..178 = ` `
                TOKEN @ 178..179 = `=`
                TRIVIA @ 179..180 = ` `
                NUMBER, TOKEN, VALUE @ 180..182 = `15`
                TOKEN @ 182..183 = `,`
                TRIVIA @ 183..184 = `\n`
                TOKEN @ 184..185 = `}`
            TOKEN @ 185..186 = `\n`
        TOKEN @ 186..189 = `+++`
        ARTICLEBODY @ 189..223 = `\n\nAla ma **kota**.\n\n```\n.stats\n````
            MARKDOWN, MD_PARAGRAPH, MD_VALUE, VALUE @ 191..208 = `Ala ma **kota**.\n`
                MD_TEXT @ 191..198 = `Ala ma `
                MD_STRONG @ 198..206 = `**kota**`
                    MD_TEXT @ 200..204 = `kota`
                MD_TEXT @ 206..207 = `.`
            MARKDOWN, MD_VALUE, VALUE @ 209..223 = ````\n.stats\n````
                INTERPOLATED, ROOT @ 213..219 = `.stats`
                    UNARY, VALUE @ 213..219 = `.stats`
                        OP, TOKEN @ 213..214 = `.`
                        IDENTIFIER, TOKEN, VALUE @ 214..219 = `stats`
                    TRIVIA @ 219..220 = `\n`


### No Errors ###


