`````
+++ sesja:a88907fd +++
title = "Pośród Pradawnych Drzew"
when = "20.10.2019"
desc = "Sesja jednostrzałowa dla Macek II RP"
chrono = "20.06.1925"
+++

Ala ma kota

++ chrono:0123abcd ++
title = "Chronologia sesji"
+++

Kot ma ale

++ end ++

Ale kota nie ma

`````
[errors]
No errors

[mentions]
chrono:0123abcd in sesja:a88907fd

[render]
<h1>Pośród Pradawnych Drzew</h1>
<div class="side-table"><table><tr><th class="align-right">chrono</th><td>20.06.1925</td></tr><tr><th class="align-right">desc</th><td>Sesja jednostrzałowa dla Macek II RP</td></tr><tr><th class="align-right">when</th><td>20.10.2019</td></tr></table>
</div> 
<p>Ala ma kota</p><article id="chrono:0123abcd">
<h1>Chronologia sesji</h1>
<div class="side-table"><table><tr><th>Mentioned in</th></tr><tr><td><a href="/sesja/a88907fd">Pośród Pradawnych Drzew</a></td></tr></table>
</div> 
<p>Kot ma ale</p></article><p>Ale kota nie ma</p>

[parser]
--- GREEN TREE ---
Root, MainArticle, ArticleItem @ 0..259
    ArticleHeader @ 0..148
        token @ 0..3 = `+++`
        token @ 3..4 = ` `
        identifier, token @ 4..9 = `sesja`
        token @ 9..10 = `:`
        item_id, token @ 10..18 = `a88907fd`
        token @ 18..19 = ` `
        token @ 19..22 = `+++`
        token @ 22..23 = `\n`
        ArticleHeaderValues, Value, Strukt @ 23..148
            StruktPair @ 23..58
                Key, identifier, token @ 23..29 = `title` ; trailing: ` `
                token @ 29..31 = `=` ; trailing: ` `
                Value, String @ 31..58
                    token @ 31..32 = `"`
                    InnerString @ 32..57
                        InnerStringPart, token @ 32..57 = `Pośród Pradawnych Drzew`
                    token @ 57..58 = `"`
            token @ 58..59 = `\n`
            StruktPair @ 59..78
                Key, identifier, token @ 59..64 = `when` ; trailing: ` `
                token @ 64..66 = `=` ; trailing: ` `
                Value, String @ 66..78
                    token @ 66..67 = `"`
                    InnerString @ 67..77
                        InnerStringPart, token @ 67..77 = `20.10.2019`
                    token @ 77..78 = `"`
            token @ 78..79 = `\n`
            StruktPair @ 79..125
                Key, identifier, token @ 79..84 = `desc` ; trailing: ` `
                token @ 84..86 = `=` ; trailing: ` `
                Value, String @ 86..125
                    token @ 86..87 = `"`
                    InnerString @ 87..124
                        InnerStringPart, token @ 87..124 = `Sesja jednostrzałowa dla Macek II RP`
                    token @ 124..125 = `"`
            token @ 125..126 = `\n`
            StruktPair @ 126..147
                Key, identifier, token @ 126..133 = `chrono` ; trailing: ` `
                token @ 133..135 = `=` ; trailing: ` `
                Value, String @ 135..147
                    token @ 135..136 = `"`
                    InnerString @ 136..146
                        InnerStringPart, token @ 136..146 = `20.06.1925`
                    token @ 146..147 = `"`
            token @ 147..148 = `\n`
    ArticleBody @ 148..259
        token @ 148..151 = `+++`
        Markdown @ 151..259
            token @ 151..153 = `\n\n`
            MdValue, MdParagraph @ 153..165
                MdValue, MdText @ 153..164 = `Ala ma kota`
                token @ 164..165 = `\n`
            SubArticle, ArticleItem @ 165..240
                SubArticleHeader @ 165..215
                    token @ 165..167 = `++`
                    token @ 167..168 = ` `
                    identifier, token @ 168..174 = `chrono`
                    token @ 174..175 = `:`
                    item_id, token @ 175..183 = `0123abcd`
                    token @ 183..184 = ` `
                    token @ 184..186 = `++`
                    token @ 186..187 = `\n`
                    ArticleHeaderValues, Value, Strukt @ 187..215
                        StruktPair @ 187..214
                            Key, identifier, token @ 187..193 = `title` ; trailing: ` `
                            token @ 193..195 = `=` ; trailing: ` `
                            Value, String @ 195..214
                                token @ 195..196 = `"`
                                InnerString @ 196..213
                                    InnerStringPart, token @ 196..213 = `Chronologia sesji`
                                token @ 213..214 = `"`
                        token @ 214..215 = `\n`
                ArticleBody @ 215..231
                    token @ 215..218 = `+++`
                    Markdown @ 218..231
                        token @ 218..220 = `\n\n`
                        MdValue, MdParagraph @ 220..231
                            MdValue, MdText @ 220..230 = `Kot ma ale`
                            token @ 230..231 = `\n`
                token @ 231..240 = `++ end ++`
            token @ 240..244 = `\n\n\n\n`
            MdValue, MdParagraph @ 244..259
                MdValue, MdText @ 244..259 = `Ale kota nie ma`
--- END ---


