`````
+++ sesja:a88907fd +++
title = "Pośród Pradawnych Drzew"
+++

1

[+ chrono:0123abcd +]

2

++ chrono:0123abcd ++
title = "Chronologia sesji"
+++

3

++ end ++

4

`````
[errors]
No errors

[mentions]
chrono:0123abcd in sesja:a88907fd
chrono:0123abcd in sesja:a88907fd

[render]
<h1>Pośród Pradawnych Drzew</h1>
<div class="side-table"></div> 
<p>1</p><p>2</p><article id="chrono:0123abcd">
<h1>Chronologia sesji</h1>
<div class="side-table"><table><tr><th>Mentioned in</th></tr><tr><td><a href="/sesja/a88907fd">Pośród Pradawnych Drzew</a></td></tr></table>
</div> 
<p>3</p></article><p>4</p>

[parser]
--- GREEN TREE ---
Root, MainArticle, ArticleItem @ 0..164
    ArticleHeader @ 0..59
        token @ 0..3 = `+++`
        token @ 3..4 = ` `
        identifier, token @ 4..9 = `sesja`
        token @ 9..10 = `:`
        item_id, token @ 10..18 = `a88907fd`
        token @ 18..19 = ` `
        token @ 19..22 = `+++`
        token @ 22..23 = `\n`
        ArticleHeaderValues, Value, Strukt @ 23..59
            StruktPair @ 23..58
                Key, identifier, token @ 23..29 = `title` ; trailing: ` `
                token @ 29..31 = `=` ; trailing: ` `
                Value, String @ 31..58
                    token @ 31..32 = `"`
                    InnerString @ 32..57
                        InnerStringPart, token @ 32..57 = `Pośród Pradawnych Drzew`
                    token @ 57..58 = `"`
            token @ 58..59 = `\n`
    ArticleBody @ 59..164
        token @ 59..62 = `+++`
        Markdown @ 62..164
            token @ 62..64 = `\n\n`
            MdValue, MdParagraph @ 64..66
                MdValue, MdText @ 64..65 = `1`
                token @ 65..66 = `\n`
            ArticleRef @ 66..87
                token @ 66..68 = `[+`
                token @ 68..69 = ` `
                identifier, token @ 69..75 = `chrono`
                token @ 75..76 = `:`
                item_id, token @ 76..84 = `0123abcd`
                token @ 84..85 = ` `
                token @ 85..87 = `+]`
            token @ 87..91 = `\n\n\n\n`
            MdValue, MdParagraph @ 91..93
                MdValue, MdText @ 91..92 = `2`
                token @ 92..93 = `\n`
            SubArticle, ArticleItem @ 93..159
                SubArticleHeader @ 93..143
                    token @ 93..95 = `++`
                    token @ 95..96 = ` `
                    identifier, token @ 96..102 = `chrono`
                    token @ 102..103 = `:`
                    item_id, token @ 103..111 = `0123abcd`
                    token @ 111..112 = ` `
                    token @ 112..114 = `++`
                    token @ 114..115 = `\n`
                    ArticleHeaderValues, Value, Strukt @ 115..143
                        StruktPair @ 115..142
                            Key, identifier, token @ 115..121 = `title` ; trailing: ` `
                            token @ 121..123 = `=` ; trailing: ` `
                            Value, String @ 123..142
                                token @ 123..124 = `"`
                                InnerString @ 124..141
                                    InnerStringPart, token @ 124..141 = `Chronologia sesji`
                                token @ 141..142 = `"`
                        token @ 142..143 = `\n`
                ArticleBody @ 143..150
                    token @ 143..146 = `+++`
                    Markdown @ 146..150
                        token @ 146..148 = `\n\n`
                        MdValue, MdParagraph @ 148..150
                            MdValue, MdText @ 148..149 = `3`
                            token @ 149..150 = `\n`
                token @ 150..159 = `++ end ++`
            token @ 159..163 = `\n\n\n\n`
            MdValue, MdParagraph @ 163..164
                MdValue, MdText @ 163..164 = `4`
--- END ---


