`````
+++ sesja:a88907fd +++
title = "Pośród Pradawnych Drzew"
+++

1


2

++ test:0000aaaa ++
title = "Test"
+++

3

++ end ++

++ chrono:0123abcd ++
title = "Chronologia sesji"
+++

4

[+ test:0000aaaa +]

++ end ++

5

`````

[mentions]

[render]
`<h1>Pośród Pradawnych Drzew</h1>
<p>1</p><p>2</p><div class="article-item" id="test_0000aaaa" ><h1>Test</h1>
<p>3</p></div>
<div class="article-item" id="chrono_0123abcd" ><h1>Chronologia sesji</h1>
<p>4</p><div class="article-item" id="test_0000aaaa" ><h1>Test</h1>
<p>3</p></div>
</div>
<p>5</p>`

### No Errors ###

[parser]
ROOT @ 0..216
    ARTICLEITEM @ 0..216
        TOKEN @ 0..3 = `+++`
        TOKEN, TRIVIA @ 3..4 = ` `
        IDENTIFIER, TOKEN @ 4..9 = `sesja`
        TOKEN @ 9..10 = `:`
        ARTICLEITEMID, TOKEN @ 10..18 = `a88907fd`
        TOKEN, TRIVIA @ 18..19 = ` `
        TOKEN @ 19..22 = `+++`
        TOKEN, TRIVIA @ 22..23 = `\n`
        STRUCT, VALUE @ 23..59 = `title = \"Po\u{15b}r\u{f3}d Pradawnych Drzew\"\n`
            IDENTIFIER, KEY, TOKEN @ 23..28 = `title`
            TRIVIA @ 28..29 = ` `
            TOKEN @ 29..30 = `=`
            TRIVIA @ 30..31 = ` `
            STRING, VALUE @ 31..58 = `\"Po\u{15b}r\u{f3}d Pradawnych Drzew\"`
                TOKEN @ 31..32 = `\"`
                STRVALUE, TOKEN @ 32..57 = `Po\u{15b}r\u{f3}d Pradawnych Drzew`
                TOKEN @ 57..58 = `\"`
            TOKEN @ 58..59 = `\n`
        TOKEN @ 59..62 = `+++`
        ARTICLEBODY @ 62..216
            MARKDOWN, MD_PARAGRAPH, MD_VALUE, VALUE @ 64..66 = `1\n`
                MD_TEXT @ 64..65 = `1`
            MARKDOWN, MD_PARAGRAPH, MD_VALUE, VALUE @ 68..70 = `2\n`
                MD_TEXT @ 68..69 = `2`
            ARTICLEITEM @ 71..123
                TOKEN @ 71..73 = `++`
                TOKEN, TRIVIA @ 73..74 = ` `
                IDENTIFIER, TOKEN @ 74..78 = `test`
                TOKEN @ 78..79 = `:`
                ARTICLEITEMID, TOKEN @ 79..87 = `0000aaaa`
                TOKEN, TRIVIA @ 87..88 = ` `
                TOKEN @ 88..90 = `++`
                TOKEN, TRIVIA @ 90..91 = `\n`
                STRUCT, VALUE @ 91..106 = `title = \"Test\"\n`
                    IDENTIFIER, KEY, TOKEN @ 91..96 = `title`
                    TRIVIA @ 96..97 = ` `
                    TOKEN @ 97..98 = `=`
                    TRIVIA @ 98..99 = ` `
                    STRING, VALUE @ 99..105 = `\"Test\"`
                        TOKEN @ 99..100 = `\"`
                        STRVALUE, TOKEN @ 100..104 = `Test`
                        TOKEN @ 104..105 = `\"`
                    TOKEN @ 105..106 = `\n`
                TOKEN @ 106..109 = `+++`
                ARTICLEBODY @ 109..113 = `\n\n3\n`
                    MARKDOWN, MD_PARAGRAPH, MD_VALUE, VALUE @ 111..113 = `3\n`
                        MD_TEXT @ 111..112 = `3`
                TOKEN @ 114..123 = `++ end ++`
            ARTICLEITEM @ 125..213
                TOKEN @ 125..127 = `++`
                TOKEN, TRIVIA @ 127..128 = ` `
                IDENTIFIER, TOKEN @ 128..134 = `chrono`
                TOKEN @ 134..135 = `:`
                ARTICLEITEMID, TOKEN @ 135..143 = `0123abcd`
                TOKEN, TRIVIA @ 143..144 = ` `
                TOKEN @ 144..146 = `++`
                TOKEN, TRIVIA @ 146..147 = `\n`
                STRUCT, VALUE @ 147..175 = `title = \"Chronologia sesji\"\n`
                    IDENTIFIER, KEY, TOKEN @ 147..152 = `title`
                    TRIVIA @ 152..153 = ` `
                    TOKEN @ 153..154 = `=`
                    TRIVIA @ 154..155 = ` `
                    STRING, VALUE @ 155..174 = `\"Chronologia sesji\"`
                        TOKEN @ 155..156 = `\"`
                        STRVALUE, TOKEN @ 156..173 = `Chronologia sesji`
                        TOKEN @ 173..174 = `\"`
                    TOKEN @ 174..175 = `\n`
                TOKEN @ 175..178 = `+++`
                ARTICLEBODY @ 178..202 = `\n\n4\n\n[+ test:0000aaaa +]`
                    MARKDOWN, MD_PARAGRAPH, MD_VALUE, VALUE @ 180..182 = `4\n`
                        MD_TEXT @ 180..181 = `4`
                    ARTICLEREF @ 183..202 = `[+ test:0000aaaa +]`
                        TOKEN @ 183..185 = `[+`
                        TOKEN, TRIVIA @ 185..186 = ` `
                        IDENTIFIER, TOKEN @ 186..190 = `test`
                        TOKEN @ 190..191 = `:`
                        ARTICLEITEMID, TOKEN @ 191..199 = `0000aaaa`
                        TOKEN, TRIVIA @ 199..200 = ` `
                        TOKEN @ 200..202 = `+]`
                TOKEN @ 204..213 = `++ end ++`
            MARKDOWN, MD_PARAGRAPH, MD_VALUE, VALUE @ 215..216 = `5`
                MD_TEXT @ 215..216 = `5`


### No Errors ###


