`````
+++ sesja:a88907fd +++
title = "Pośród Pradawnych Drzew"
+++

1.

[Reference style link][1]

[+ chrono:0123abcd +]

2

++ chrono:0123abcd ++
title = "Chronologia sesji"
+++

3

++ end ++

4

[1]: http://slashdot.org

`````
[errors]
No errors

[mentions]
chrono:0123abcd in sesja:a88907fd
chrono:0123abcd in sesja:a88907fd

[render]
<h1>Pośród Pradawnych Drzew</h1>
<div class="side-table"></div><p>1</p><div class="article-item" id="chrono_0123abcd" ><h1>Chronologia sesji</h1>
<div class="side-table"><table><tr><th>Mentioned in</th></tr><tr><td><a href="/sesja/a88907fd">Pośród Pradawnych Drzew</a></td></tr></table>
</div><p>3</p></div>
<p>2</p><div class="article-item" id="chrono_0123abcd" ><h1>Chronologia sesji</h1>
<div class="side-table"><table><tr><th>Mentioned in</th></tr><tr><td><a href="/sesja/a88907fd">Pośród Pradawnych Drzew</a></td></tr></table>
</div><p>3</p></div>
<p>4</p>

[parser]
--- GREEN TREE ---
Root, ArticleItem @ 0..160
    token @ 0..3 = `+++`
    token @ 3..4 = ` `
    identifier, token @ 4..9 = `sesja`
    token @ 9..10 = `:`
    item_id, token @ 10..18 = `a88907fd`
    token @ 18..19 = ` `
    token @ 19..22 = `+++`
    token @ 22..23 = `\n`
    Value, Strukt @ 23..59
        Key, identifier, token @ 23..29 = `title` ; trailing: ` `
        token @ 29..31 = `=` ; trailing: ` `
        Value, String @ 31..58
            token @ 31..32 = `"`
            InnerString @ 32..57
                token @ 32..57 = `Pośród Pradawnych Drzew`
            token @ 57..58 = `"`
        token @ 58..59 = `\n`
    token @ 59..62 = `+++`
    ArticleBody @ 62..160
        Markdown @ 62..66
            token @ 62..64 = `\n\n`
            MdValue, MdParagraph @ 64..66
                MdValue, MdText @ 64..65 = `1`
                token @ 65..66 = `\n`
        ArticleRef @ 66..87
            token @ 66..68 = `[+`
            token @ 68..69 = ` `
            identifier, token @ 69..75 = `chrono`
            token @ 75..76 = `:`
            item_id, token @ 76..84 = `0123abcd`
            token @ 84..85 = ` `
            token @ 85..87 = `+]`
        Markdown @ 87..91
            token @ 87..89 = `\n\n`
            MdValue, MdParagraph @ 89..91
                MdValue, MdText @ 89..90 = `2`
                token @ 90..91 = `\n`
        ArticleItem @ 91..157
            token @ 91..93 = `++`
            token @ 93..94 = ` `
            identifier, token @ 94..100 = `chrono`
            token @ 100..101 = `:`
            item_id, token @ 101..109 = `0123abcd`
            token @ 109..110 = ` `
            token @ 110..112 = `++`
            token @ 112..113 = `\n`
            Value, Strukt @ 113..141
                Key, identifier, token @ 113..119 = `title` ; trailing: ` `
                token @ 119..121 = `=` ; trailing: ` `
                Value, String @ 121..140
                    token @ 121..122 = `"`
                    InnerString @ 122..139
                        token @ 122..139 = `Chronologia sesji`
                    token @ 139..140 = `"`
                token @ 140..141 = `\n`
            token @ 141..144 = `+++`
            ArticleBody @ 144..148
                Markdown @ 144..148
                    token @ 144..146 = `\n\n`
                    MdValue, MdParagraph @ 146..148
                        MdValue, MdText @ 146..147 = `3`
                        token @ 147..148 = `\n`
            token @ 148..157 = `++ end ++`
        Markdown @ 157..160
            token @ 157..159 = `\n\n`
            MdValue, MdParagraph @ 159..160
                MdValue, MdText @ 159..160 = `4`
--- END ---


