```
(add ( 2 3)
```

ROOT @ 0..11 = `(add ( 2 3)`
    LIST, SEXP @ 0..11 = `(add ( 2 3)`
        TOKEN @ 0..1 = `(`
        ATOM, SEXP, TOKEN @ 1..4 = `add`
        TRIVIA @ 4..5 = ` `
        LIST, SEXP @ 5..11 = `( 2 3)`
            TOKEN @ 5..6 = `(`
            TRIVIA @ 6..7 = ` `
            ATOM, SEXP, TOKEN @ 7..8 = `2`
            TRIVIA @ 8..9 = ` `
            ATOM, SEXP, TOKEN @ 9..10 = `3`
            TOKEN @ 10..11 = `)`
        ERROR, TOKEN @ 11..11 = ``


### Errors ###
[
    Expected Close but found EOF,
]