```
true ==
```

ROOT @ 0..7 = `true ==`
    BINARY, VALUE @ 5..7 = `==`
        BOOLEAN, TOKEN, VALUE @ 0..4 = `true`
        TRIVIA @ 4..5 = ` `
        OP, TOKEN @ 5..7 = `==`
        ERROR, VALUE @ 7..7 = ``
    TOKEN @ 7..7 = ``


### Errors ###
Expected one of number, `true`, `false`, `-`, `!`, string, `(` but found EOF @ N3
