```
a
```

ParseResult {
    node: Node {
        span: 0..1,
        names: {
            SExp,
            Virtual,
        },
        children: [
            Node {
                span: 0..1,
                names: {
                    Atom,
                    Token,
                },
                children: [],
            },
        ],
    },
    errors: [],
}