```
(
```

ParseResult {
    node: Node {
        span: 0..1,
        names: {
            SExp,
            Virtual,
        },
        children: [
            Node {
                span: 0..1,
                names: {},
                children: [
                    Node {
                        span: 0..1,
                        names: {
                            Token,
                        },
                        children: [],
                    },
                    Node {
                        span: 1..1,
                        names: {
                            Error,
                            Token,
                        },
                        children: [],
                    },
                ],
            },
        ],
    },
    errors: [
        "Expected `)` or atom but found EOF",
        "Expected CloseParent but found EOF",
    ],
}