```
[ 10, 50 ]
```

[lexer]
[
    "OpenB `[`",
    "Whitespace ` `",
    "Number `10`",
    "Comma `,`",
    "Whitespace ` `",
    "Number `50`",
    "Whitespace ` `",
    "CloseB `]`",
]

[parser]
--- GREEN TREE ---
Root, Value, Array @ 0..10
    token @ 0..2 = `[` ; trailing: ` `
    Value, number, token @ 2..4 = `10`
    token @ 4..6 = `,` ; trailing: ` `
    Value, number, token @ 6..9 = `50` ; trailing: ` `
    token @ 9..10 = `]`
--- END ---


[eval]
`[ 10, 50 ]`

[errors]
No errors

