```
{
    health = 4, /* foo }
    bar */
    sanity = 10, /* baz
    */
}
```

[lexer]
[
    "OpenC `{`",
    "LineEnd `\n`",
    "Whitespace `    `",
    "Identifier `health`",
    "Whitespace ` `",
    "OpAssign `=`",
    "Whitespace ` `",
    "Number `4`",
    "Comma `,`",
    "Whitespace ` `",
    "BlockComment `/* foo }\n    bar */`",
    "LineEnd `\n`",
    "Whitespace `    `",
    "Identifier `sanity`",
    "Whitespace ` `",
    "OpAssign `=`",
    "Whitespace ` `",
    "Number `10`",
    "Comma `,`",
    "Whitespace ` `",
    "BlockComment `/* baz\n    */`",
    "LineEnd `\n`",
    "CloseC `}`",
]

[parser]
--- GREEN TREE ---
Root, Value, Strukt @ 0..70
    token @ 0..1 = `{`
    StruktPair @ 1..16
        Key, identifier, token @ 1..13 = `health` ; leading: `\n    ` ; trailing: ` `
        token @ 13..15 = `=` ; trailing: ` `
        Value, number, token @ 15..16 = `4`
    token @ 16..37 = `,` ; trailing: ` /* foo }\n    bar */`
    StruktPair @ 37..53
        Key, identifier, token @ 37..49 = `sanity` ; leading: `\n    ` ; trailing: ` `
        token @ 49..51 = `=` ; trailing: ` `
        Value, number, token @ 51..53 = `10`
    token @ 53..68 = `,` ; trailing: ` /* baz\n    */`
    token @ 68..70 = `}` ; leading: `\n`
--- END ---


[eval]
`{
    health = 4,
    sanity = 10,
 }`

