```
md"*foo*"
```

[parser]
ROOT @ 0..9 = `md\"*foo*\"`
    MARKDOWN, VALUE @ 0..9 = `md\"*foo*\"`
        TOKEN @ 0..3 = `md\"`
        MDEMPHASIS, MDPARAGRAPH @ 3..8 = `*foo*`
            MDTEXT @ 4..7 = `foo`
        TOKEN @ 8..9 = `\"`


### No Errors ###


[.eval]
`"<strong>foo</strong>"`

### No Errors ###

