```
md"*foo `1 + 2` bar*"
```

[parser]
--- GREEN TREE ---
Root, Value, Markdown @ 0..19
    token @ 0..3 = `md"`
    Md_Value, Md_Paragraph @ 3..18
        Md_Emphasis @ 3..18
            token @ 3..4 = `*`
            Md_Text @ 4..8 = `foo `
            Value, Binary @ 8..13
                Interpolated, Value, number, token @ 8..10 = `1` ; trailing: ` `
                BinaryOp, token @ 10..12 = `+` ; trailing: ` `
                Value, number, token @ 12..13 = `2`
            Md_Text @ 13..17 = ` bar`
            token @ 17..18 = `*`
    token @ 18..19 = `"`
--- END ---


[eval]
`"<p><em>foo <pre><code>3</code></pre> bar</em></p>"`

