```
md"**foo**"
```

[parser]
--- GREEN TREE ---
Root, Value, Markdown @ 0..11
    token @ 0..3 = `md"`
    Md_Value, Md_Paragraph @ 3..10
        Md_Strong @ 3..10
            token @ 3..5 = `**`
            Md_Text @ 5..8 = `foo`
            token @ 8..10 = `**`
    token @ 10..11 = `"`
--- END ---


[eval]
`"<p><strong>foo</strong></p>"`

