```
md"
# foo
abcd
## bar
defg
"
```

[parser]
ROOT @ 0..28 = `md\"\n# foo\nabcd\n## bar\ndefg\n\"`
    MARKDOWN, VALUE @ 0..28 = `md\"\n# foo\nabcd\n## bar\ndefg\n\"`
        TOKEN @ 0..2 = `md`
        TOKEN @ 2..3 = `\"`
        MD_H1, MD_VALUE @ 4..10 = `# foo\n`
            MD_TEXT @ 6..9 = `foo`
        MD_PARAGRAPH, MD_VALUE @ 10..15 = `abcd\n`
            MD_TEXT @ 10..14 = `abcd`
        MD_H2, MD_VALUE @ 15..22 = `## bar\n`
            MD_TEXT @ 18..21 = `bar`
        MD_PARAGRAPH, MD_VALUE @ 22..27 = `defg\n`
            MD_TEXT @ 22..26 = `defg`
        TOKEN @ 27..28 = `\"`


### No Errors ###


[eval]
`"<h1>foo</h1><p>abcd</p><h2>bar</h2><p>defg</p>"`

### No Errors ###

