```
md"
# foo
abcd
## bar
defg
"
```

[parser]
--- GREEN TREE ---
Root, Value, Markdown @ 0..28
    token @ 0..3 = `md"`
    Md_Value, token @ 3..4 = `\n`
    Md_Value, Md_H1 @ 4..10
        token @ 4..6 = `# `
        Md_Text @ 6..9 = `foo`
        token @ 9..10 = `\n`
    Md_Value, Md_Paragraph @ 10..15
        Md_Text @ 10..14 = `abcd`
        token @ 14..15 = `\n`
    Md_Value, Md_H2 @ 15..22
        token @ 15..18 = `## `
        Md_Text @ 18..21 = `bar`
        token @ 21..22 = `\n`
    Md_Value, Md_Paragraph @ 22..27
        Md_Text @ 22..26 = `defg`
        token @ 26..27 = `\n`
    token @ 27..28 = `"`
--- END ---


[eval]
`"<h1>foo</h1><p>abcd</p><h2>bar</h2><p>defg</p>"`

