```
md"foo
bar"
```

[parser]
--- GREEN TREE ---
Root, Value, MdString @ 0..11
    token @ 0..3 = `md"`
    Markdown @ 3..10
        MdValue, MdParagraph @ 3..10
            MdValue, MdText @ 3..6 = `foo`
            MdValue, MdSoftBreak @ 6..7 = `\n`
            MdValue, MdText @ 7..10 = `bar`
    token @ 10..11 = `"`
--- END ---


[eval]
`"<p>foo\nbar</p>"`

