```
md"foo

---

bar"
```

[parser]
--- GREEN TREE ---
Root, Value, Markdown @ 0..17
    token @ 0..3 = `md"`
    Md_Value, Md_Paragraph @ 3..7
        Md_Text @ 3..6 = `foo`
        token @ 6..7 = `\n`
    Md_Value, token @ 7..8 = `\n`
    Md_Value, Md_Rule @ 8..12 = `---\n`
    Md_Value, token @ 12..13 = `\n`
    Md_Value, Md_Paragraph @ 13..16
        Md_Text @ 13..16 = `bar`
    token @ 16..17 = `"`
--- END ---


[eval]
`"<p>foo</p><hr/><p>bar</p>"`

