```
md"foo

---

bar"
```

[parser]
ROOT @ 0..17 = `md\"foo\n\n---\n\nbar\"`
    MARKDOWN, VALUE @ 0..17 = `md\"foo\n\n---\n\nbar\"`
        TOKEN @ 0..2 = `md`
        TOKEN @ 2..3 = `\"`
        MD_PARAGRAPH, MD_VALUE @ 3..7 = `foo\n`
            MD_TEXT @ 3..6 = `foo`
        MD_RULE, MD_VALUE @ 8..12 = `---\n`
        MD_PARAGRAPH, MD_VALUE @ 13..16 = `bar`
            MD_TEXT @ 13..16 = `bar`
        TOKEN @ 16..17 = `\"`


### No Errors ###


[eval]
`"<p>foo</p><hr/><p>bar</p>"`

### No Errors ###

