```
md"foo

> bar
> baz
"
```

[parser]
ROOT @ 0..21 = `md\"foo\n\n> bar\n> baz\n\"`
    MARKDOWN, VALUE @ 0..21 = `md\"foo\n\n> bar\n> baz\n\"`
        TOKEN @ 0..3 = `md\"`
        MD_PARAGRAPH, MD_VALUE @ 3..7 = `foo\n`
            MD_TEXT @ 3..6 = `foo`
        MD_BLOCKQUOTE, MD_VALUE @ 8..20 = `> bar\n> baz\n`
            MD_PARAGRAPH @ 10..20 = `bar\n> baz\n`
                MD_TEXT @ 10..13 = `bar`
                MD_SOFTBREAK @ 13..14 = `\n`
                MD_TEXT @ 16..19 = `baz`
        TOKEN @ 20..21 = `\"`


[eval]
`"<p>foo</p><blockquote><p>bar\nbaz</p></blockquote>"`

