```
md"
* Apple
* Orange
* Grape
"
```

[parser]
ROOT @ 0..30 = `md\"\n* Apple\n* Orange\n* Grape\n\"`
    MARKDOWN, VALUE @ 0..30 = `md\"\n* Apple\n* Orange\n* Grape\n\"`
        TOKEN @ 0..3 = `md\"`
        MD_UNORDEREDLIST, MD_VALUE @ 4..29 = `* Apple\n* Orange\n* Grape\n`
            MD_LISTITEM @ 4..12 = `* Apple\n`
                MD_TEXT @ 6..11 = `Apple`
            MD_LISTITEM @ 12..21 = `* Orange\n`
                MD_TEXT @ 14..20 = `Orange`
            MD_LISTITEM @ 21..29 = `* Grape\n`
                MD_TEXT @ 23..28 = `Grape`
        TOKEN @ 29..30 = `\"`


[eval]
`"<ul><li>Apple</li><li>Orange</li><li>Grape</li></ul>"`

