```
md"
1. Apple
2. Orange
3. Grape
"
```

[parser]
--- GREEN TREE ---
Root, Value, Markdown @ 0..33
    token @ 0..3 = `md"`
    Md_Value, token @ 3..4 = `\n`
    Md_Value, Md_OrderedList @ 4..32
        Md_ListItem @ 4..13
            token @ 4..7 = `1. `
            Md_Text @ 7..12 = `Apple`
            token @ 12..13 = `\n`
        Md_ListItem @ 13..23
            token @ 13..16 = `2. `
            Md_Text @ 16..22 = `Orange`
            token @ 22..23 = `\n`
        Md_ListItem @ 23..32
            token @ 23..26 = `3. `
            Md_Text @ 26..31 = `Grape`
            token @ 31..32 = `\n`
    token @ 32..33 = `"`
--- END ---


[eval]
`"<ol><li>Apple</li><li>Orange</li><li>Grape</li></ol>"`

