```
md"
1. Apple
2. Orange
3. Grape
"
```

[parser]
ROOT @ 0..33 = `md\"\n1. Apple\n2. Orange\n3. Grape\n\"`
    MARKDOWN, VALUE @ 0..33 = `md\"\n1. Apple\n2. Orange\n3. Grape\n\"`
        TOKEN @ 0..3 = `md\"`
        MD_ORDEREDLIST, MD_VALUE @ 4..32 = `1. Apple\n2. Orange\n3. Grape\n`
            MD_LISTITEM @ 4..13 = `1. Apple\n`
                MD_TEXT @ 7..12 = `Apple`
            MD_LISTITEM @ 13..23 = `2. Orange\n`
                MD_TEXT @ 16..22 = `Orange`
            MD_LISTITEM @ 23..32 = `3. Grape\n`
                MD_TEXT @ 26..31 = `Grape`
        TOKEN @ 32..33 = `\"`


### No Errors ###


[eval]
`"<ol><li>Apple</li><li>Orange</li><li>Grape</li></ol>"`

### No Errors ###

