```
md"
27. Apple
2. Orange
3. Grape
"
```

[parser]
ROOT @ 0..34 = `md\"\n27. Apple\n2. Orange\n3. Grape\n\"`
    MARKDOWN, VALUE @ 0..34 = `md\"\n27. Apple\n2. Orange\n3. Grape\n\"`
        TOKEN @ 0..3 = `md\"`
        MD_ORDEREDLIST, MD_VALUE @ 4..33 = `27. Apple\n2. Orange\n3. Grape\n`
            MD_LISTITEM @ 4..14 = `27. Apple\n`
                MD_TEXT @ 8..13 = `Apple`
            MD_LISTITEM @ 14..24 = `2. Orange\n`
                MD_TEXT @ 17..23 = `Orange`
            MD_LISTITEM @ 24..33 = `3. Grape\n`
                MD_TEXT @ 27..32 = `Grape`
        TOKEN @ 33..34 = `\"`


### No Errors ###


[.eval]
`"<ol><li>Apple</li><li>Orange</li><li>Grape</li></ol>"`

### No Errors ###

