```
md#"![alt text](https://github.com/icon48.png "Logo Title Text 1")"#
```

[parser]
--- GREEN TREE ---
Root, Value, Markdown @ 0..85
    token @ 0..4 = `md#"`
    MdValue, MdParagraph @ 4..83
        MdValue, MdImage, MdInlineImage @ 4..83
            token @ 4..6 = `![`
            MdValue, MdText @ 6..14 = `alt text`
            token @ 14..16 = `](`
            MdImageSrc @ 16..45 = `https://github.com/icon48.png`
            MdImageTitle @ 45..62 = `Logo Title Text 1`
            token @ 62..83 = ` "Logo Title Text 1")`
    token @ 83..85 = `"#`
--- END ---


[eval]
`"<p><img src=\"https://github.com/icon48.png\">alt text</img></p>"`

