`````
{
    health = {
        max = 100,
        desc = {
            baz = health.max // TODO: Here we have semi-circular field access.
        }
    }
}
`````

[parser]
ROOT @ 0..149 = `{\n    health = {\n        max = 100,\n        desc = {\n            baz = health.max // TODO: Here we have semi-circular field access.\n        }\n    }\n}`
    STRUCT, VALUE @ 0..149 = `{\n    health = {\n        max = 100,\n        desc = {\n            baz = health.max // TODO: Here we have semi-circular field access.\n        }\n    }\n}`
        TOKEN @ 0..1 = `{`
        TRIVIA @ 1..6 = `\n    `
        IDENTIFIER, KEY, TOKEN @ 6..12 = `health`
        TRIVIA @ 12..13 = ` `
        TOKEN @ 13..14 = `=`
        TRIVIA @ 14..15 = ` `
        STRUCT, VALUE @ 15..147 = `{\n        max = 100,\n        desc = {\n            baz = health.max // TODO: Here we have semi-circular field access.\n        }\n    }`
            TOKEN @ 15..16 = `{`
            TRIVIA @ 16..25 = `\n        `
            IDENTIFIER, KEY, TOKEN @ 25..28 = `max`
            TRIVIA @ 28..29 = ` `
            TOKEN @ 29..30 = `=`
            TRIVIA @ 30..31 = ` `
            NUMBER, TOKEN, VALUE @ 31..34 = `100`
            TOKEN @ 34..35 = `,`
            TRIVIA @ 35..44 = `\n        `
            IDENTIFIER, KEY, TOKEN @ 44..48 = `desc`
            TRIVIA @ 48..49 = ` `
            TOKEN @ 49..50 = `=`
            TRIVIA @ 50..51 = ` `
            STRUCT, VALUE @ 51..91 = `{\n            baz = health.max\n        }`
                TOKEN @ 51..52 = `{`
                TRIVIA @ 52..65 = `\n            `
                IDENTIFIER, KEY, TOKEN @ 65..68 = `baz`
                TRIVIA @ 68..69 = ` `
                TOKEN @ 69..70 = `=`
                TRIVIA @ 70..71 = ` `
                IDENTPATH, VALUE @ 71..81 = `health.max`
                    IDENTIFIER, TOKEN, VALUE @ 71..77 = `health`
                    OP, TOKEN @ 77..78 = `.`
                    IDENTIFIER, TOKEN, VALUE @ 78..81 = `max`
                    TRIVIA @ 81..90 = `\n        `
                TOKEN @ 90..91 = `}`
                TRIVIA @ 91..96 = `\n    `
            TOKEN @ 96..97 = `}`
            TRIVIA @ 97..98 = `\n`
        TOKEN @ 98..99 = `}`


### No Errors ###


[eval]
None

### Errors ###
Field not found @ N27

