`````
+++ monster:cd73e6b4 +++
title = "Snake Man"
S = "50 # 3k6 x 5"
KON = "50 # 3k6 x 5"
BC = "50 # 3k6 x 5"
ZR = "65 # (2k6 + 6) x 5"
INT = "80 # (3k6+6) x 5"
MOC = "65 # (2k6+6) x 5"
PW = 10
MO = 0
Krzepa = 0
PM = 13
Ruch = 8
Ataki = 1
+++

Ugryzienie: Jad bardzo trujący.
`````
[errors]
No errors

[render]
<h1>Snake Man</h1>
<div class="side-table"><table><tr><th class="align-right">Ataki</th><td>1</td></tr><tr><th class="align-right">BC</th><td>50 # 3k6 x 5</td></tr><tr><th class="align-right">INT</th><td>80 # (3k6+6) x 5</td></tr><tr><th class="align-right">KON</th><td>50 # 3k6 x 5</td></tr><tr><th class="align-right">Krzepa</th><td>0</td></tr><tr><th class="align-right">MO</th><td>0</td></tr><tr><th class="align-right">MOC</th><td>65 # (2k6+6) x 5</td></tr><tr><th class="align-right">PM</th><td>13</td></tr><tr><th class="align-right">PW</th><td>10</td></tr><tr><th class="align-right">Ruch</th><td>8</td></tr><tr><th class="align-right">S</th><td>50 # 3k6 x 5</td></tr><tr><th class="align-right">ZR</th><td>65 # (2k6 + 6) x 5</td></tr></table>
</div><p>Ugryzienie: Jad bardzo trujący.</p>

[parser]
ROOT @ 0..271
    ARTICLEITEM @ 0..271
        TOKEN @ 0..3 = `+++`
        TOKEN, TRIVIA @ 3..4 = ` `
        IDENTIFIER, TOKEN @ 4..11 = `monster`
        TOKEN @ 11..12 = `:`
        ARTICLEITEMID, TOKEN @ 12..20 = `cd73e6b4`
        TOKEN, TRIVIA @ 20..21 = ` `
        TOKEN @ 21..24 = `+++`
        TOKEN, TRIVIA @ 24..25 = `\n`
        STRUCT, VALUE @ 25..234
            IDENTIFIER, KEY, TOKEN @ 25..30 = `title`
            TRIVIA @ 30..31 = ` `
            TOKEN @ 31..32 = `=`
            TRIVIA @ 32..33 = ` `
            STRING, VALUE @ 33..44 = `\"Snake Man\"`
                TOKEN @ 33..34 = `\"`
                STRVALUE, TOKEN @ 34..43 = `Snake Man`
                TOKEN @ 43..44 = `\"`
            TOKEN @ 44..45 = `\n`
            IDENTIFIER, KEY, TOKEN @ 45..46 = `S`
            TRIVIA @ 46..47 = ` `
            TOKEN @ 47..48 = `=`
            TRIVIA @ 48..49 = ` `
            STRING, VALUE @ 49..63 = `\"50 # 3k6 x 5\"`
                TOKEN @ 49..50 = `\"`
                STRVALUE, TOKEN @ 50..62 = `50 # 3k6 x 5`
                TOKEN @ 62..63 = `\"`
            TOKEN @ 63..64 = `\n`
            IDENTIFIER, KEY, TOKEN @ 64..67 = `KON`
            TRIVIA @ 67..68 = ` `
            TOKEN @ 68..69 = `=`
            TRIVIA @ 69..70 = ` `
            STRING, VALUE @ 70..84 = `\"50 # 3k6 x 5\"`
                TOKEN @ 70..71 = `\"`
                STRVALUE, TOKEN @ 71..83 = `50 # 3k6 x 5`
                TOKEN @ 83..84 = `\"`
            TOKEN @ 84..85 = `\n`
            IDENTIFIER, KEY, TOKEN @ 85..87 = `BC`
            TRIVIA @ 87..88 = ` `
            TOKEN @ 88..89 = `=`
            TRIVIA @ 89..90 = ` `
            STRING, VALUE @ 90..104 = `\"50 # 3k6 x 5\"`
                TOKEN @ 90..91 = `\"`
                STRVALUE, TOKEN @ 91..103 = `50 # 3k6 x 5`
                TOKEN @ 103..104 = `\"`
            TOKEN @ 104..105 = `\n`
            IDENTIFIER, KEY, TOKEN @ 105..107 = `ZR`
            TRIVIA @ 107..108 = ` `
            TOKEN @ 108..109 = `=`
            TRIVIA @ 109..110 = ` `
            STRING, VALUE @ 110..130 = `\"65 # (2k6 + 6) x 5\"`
                TOKEN @ 110..111 = `\"`
                STRVALUE, TOKEN @ 111..129 = `65 # (2k6 + 6) x 5`
                TOKEN @ 129..130 = `\"`
            TOKEN @ 130..131 = `\n`
            IDENTIFIER, KEY, TOKEN @ 131..134 = `INT`
            TRIVIA @ 134..135 = ` `
            TOKEN @ 135..136 = `=`
            TRIVIA @ 136..137 = ` `
            STRING, VALUE @ 137..155 = `\"80 # (3k6+6) x 5\"`
                TOKEN @ 137..138 = `\"`
                STRVALUE, TOKEN @ 138..154 = `80 # (3k6+6) x 5`
                TOKEN @ 154..155 = `\"`
            TOKEN @ 155..156 = `\n`
            IDENTIFIER, KEY, TOKEN @ 156..159 = `MOC`
            TRIVIA @ 159..160 = ` `
            TOKEN @ 160..161 = `=`
            TRIVIA @ 161..162 = ` `
            STRING, VALUE @ 162..180 = `\"65 # (2k6+6) x 5\"`
                TOKEN @ 162..163 = `\"`
                STRVALUE, TOKEN @ 163..179 = `65 # (2k6+6) x 5`
                TOKEN @ 179..180 = `\"`
            TOKEN @ 180..181 = `\n`
            IDENTIFIER, KEY, TOKEN @ 181..183 = `PW`
            TRIVIA @ 183..184 = ` `
            TOKEN @ 184..185 = `=`
            TRIVIA @ 185..186 = ` `
            NUMBER, TOKEN, VALUE @ 186..188 = `10`
            TOKEN @ 188..189 = `\n`
            IDENTIFIER, KEY, TOKEN @ 189..191 = `MO`
            TRIVIA @ 191..192 = ` `
            TOKEN @ 192..193 = `=`
            TRIVIA @ 193..194 = ` `
            NUMBER, TOKEN, VALUE @ 194..195 = `0`
            TOKEN @ 195..196 = `\n`
            IDENTIFIER, KEY, TOKEN @ 196..202 = `Krzepa`
            TRIVIA @ 202..203 = ` `
            TOKEN @ 203..204 = `=`
            TRIVIA @ 204..205 = ` `
            NUMBER, TOKEN, VALUE @ 205..206 = `0`
            TOKEN @ 206..207 = `\n`
            IDENTIFIER, KEY, TOKEN @ 207..209 = `PM`
            TRIVIA @ 209..210 = ` `
            TOKEN @ 210..211 = `=`
            TRIVIA @ 211..212 = ` `
            NUMBER, TOKEN, VALUE @ 212..214 = `13`
            TOKEN @ 214..215 = `\n`
            IDENTIFIER, KEY, TOKEN @ 215..219 = `Ruch`
            TRIVIA @ 219..220 = ` `
            TOKEN @ 220..221 = `=`
            TRIVIA @ 221..222 = ` `
            NUMBER, TOKEN, VALUE @ 222..223 = `8`
            TOKEN @ 223..224 = `\n`
            IDENTIFIER, KEY, TOKEN @ 224..229 = `Ataki`
            TRIVIA @ 229..230 = ` `
            TOKEN @ 230..231 = `=`
            TRIVIA @ 231..232 = ` `
            NUMBER, TOKEN, VALUE @ 232..233 = `1`
            TOKEN @ 233..234 = `\n`
        TOKEN @ 234..237 = `+++`
        ARTICLEBODY @ 237..271 = `\n\nUgryzienie: Jad bardzo truj\u{105}cy.`
            MARKDOWN, MD_PARAGRAPH, MD_VALUE, VALUE @ 239..271 = `Ugryzienie: Jad bardzo truj\u{105}cy.`
                MD_TEXT @ 239..271 = `Ugryzienie: Jad bardzo truj\u{105}cy.`


