`````
+++ monster:cd73e6b4 +++
title = "Snake Man"
+++

`````
[errors]
No errors

[render]
<h1>Snake Man</h1>
<div class="side-table"></div>

[parser]
--- GREEN TREE ---
Root, ArticleItem @ 0..48
    token @ 0..3 = `+++`
    token @ 3..4 = ` `
    identifier, token @ 4..11 = `monster`
    token @ 11..12 = `:`
    item_id, token @ 12..20 = `cd73e6b4`
    token @ 20..21 = ` `
    token @ 21..24 = `+++`
    token @ 24..25 = `\n`
    Value, Strukt @ 25..45
        Key, identifier, token @ 25..31 = `title` ; trailing: ` `
        token @ 31..33 = `=` ; trailing: ` `
        Value, String @ 33..44
            token @ 33..34 = `"`
            InnerString @ 34..43
                token @ 34..43 = `Snake Man`
            token @ 43..44 = `"`
        token @ 44..45 = `\n`
    token @ 45..48 = `+++`
    ArticleBody @ 48..48
--- END ---


